ID[program]
ID[int]
ID[X]
COMMA
ID[Y]
COMMA
ID[Z]
SEMICOLON
ID[input]
ID[X]
COMMA
ID[Y]
COMMA
ID[Z]
SEMICOLON
STRING[while not (X := 0) begin]
ID[output]
ID[Y]
SEMICOLON
FOR
ID[Y]
LESS
CONST[10]
BEGIN
ID[Y]
COLON
ASSIGN
ID[Y]
ADD
CONST[1]
SEMICOLON
SEMICOLON
ID[output]
ID[Y]
SEMICOLON
ID[Y]
COLON
ASSIGN
ID[Z]
ID[X]
COLON
ASSIGN
ID[X]
SUBTRACT
CONST[1]
SEMICOLON
SEMICOLON
END
